
C:\Users\LENOVO>cd..

C:\Users>cd..

C:\>cd "C:\git\demo"

C:\git\demo>git config --global user.name "Sakshi-1201"

C:\git\demo>git config --global user.email

C:\git\demo>git config --global user.email "sakshinirkhe12@gmail.com"

C:\git\demo>git init
Initialized empty Git repository in C:/git/demo/.git/

C:\git\demo>cd..

C:\git>git config --global user.name "Sakshi-1201"

C:\git>git config --global user.email
sakshinirkhe12@gmail.com

C:\git>git config --global user.email "sakshinirkhe12@gmail.com"

C:\git>git init
Initialized empty Git repository in C:/git/.git/

C:\git>git clone https://github.com/Sakshi-1201/demo.git
fatal: destination path 'demo' already exists and is not an empty directory.

C:\git>git clone https://github.com/Sakshi-1201/demo.git
Cloning into 'demo'...
remote: Enumerating objects: 3, done.
remote: Counting objects: 100% (3/3), done.
remote: Total 3 (delta 0), reused 0 (delta 0), pack-reused 0
Receiving objects: 100% (3/3), done.

C:\git>git status
On branch master

No commits yet

Untracked files:
  (use "git add <file>..." to include in what will be committed)
        demo/

nothing added to commit but untracked files present (use "git add" to track)

C:\git>git add file1.txt
fatal: pathspec 'file1.txt' did not match any files

C:\git>git add file1.txt
fatal: pathspec 'file1.txt' did not match any files

C:\git>cd demo

C:\git\demo>git add file1.txt

C:\git\demo>git status
On branch main
Your branch is up to date with 'origin/main'.

Changes to be committed:
  (use "git restore --staged <file>..." to unstage)
        new file:   file1.txt


C:\git\demo>git commit -m "MySecondCommit"
[main 0dd5a34] MySecondCommit
 1 file changed, 0 insertions(+), 0 deletions(-)
 create mode 100644 file1.txt

C:\git\demo>git branch branch1

C:\git\demo>git status
On branch main
Your branch is ahead of 'origin/main' by 1 commit.
  (use "git push" to publish your local commits)

nothing to commit, working tree clean

C:\git\demo>git push -u origin main
info: please complete authentication in your browser...
Enumerating objects: 4, done.
Counting objects: 100% (4/4), done.
Delta compression using up to 4 threads
Compressing objects: 100% (2/2), done.
Writing objects: 100% (3/3), 283 bytes | 283.00 KiB/s, done.
Total 3 (delta 0), reused 0 (delta 0), pack-reused 0
To https://github.com/Sakshi-1201/demo.git
   e9e2e4b..0dd5a34  main -> main
branch 'main' set up to track 'origin/main'.

C:\git\demo>git branch -a
  branch1
* main
  remotes/origin/HEAD -> origin/main
  remotes/origin/main

C:\git\demo>git commit -m "MySecondCommit"
On branch main
Your branch is up to date with 'origin/main'.

nothing to commit, working tree clean

C:\git\demo>git checkout branch1
Switched to branch 'branch1'

C:\git\demo>